// Jest Snapshot v1, https://goo.gl/fbAQLP

exports[`Loader should return list of directory items. 1`] = `
[MockFunction Loader.load] {
  "calls": Array [
    Array [
      "../home/user/",
      "../currentDirectory/sub1/",
      Array [
        ".ignore",
        ".git",
      ],
    ],
  ],
  "results": Array [
    Object {
      "type": "return",
      "value": Array [
        Object {
          "from": "../home/user",
          "name": "dir1",
          "to": "../currentDirectory/sub1",
          "type": "directory",
        },
        Object {
          "contents": "Contents for ../home/user/dir1/file1",
          "from": "../home/user",
          "name": "dir1/file1",
          "to": "../currentDirectory/sub1",
          "type": "file",
        },
        Object {
          "contents": "Contents for ../home/user/dir1/file2",
          "from": "../home/user",
          "name": "dir1/file2",
          "to": "../currentDirectory/sub1",
          "type": "file",
        },
        Object {
          "from": "../home/user",
          "name": "dir1/dir2",
          "to": "../currentDirectory/sub1",
          "type": "directory",
        },
        Object {
          "contents": "Contents for ../home/user/dir1/dir2/file3",
          "from": "../home/user",
          "name": "dir1/dir2/file3",
          "to": "../currentDirectory/sub1",
          "type": "file",
        },
        Object {
          "contents": "Contents for ../home/user/file4",
          "from": "../home/user",
          "name": "file4",
          "to": "../currentDirectory/sub1",
          "type": "file",
        },
        Object {
          "from": "../home/user",
          "name": ".hidden",
          "to": "../currentDirectory/sub1",
          "type": "directory",
        },
      ],
    },
  ],
}
`;
