// Jest Snapshot v1, https://goo.gl/fbAQLP

exports[`Scaffolder Should scaffold out project 1`] = `
[MockFunction shell.mkdir] {
  "calls": Array [
    Array [
      "-p",
      "current/sub1/dir1",
    ],
    Array [
      "-p",
      "current/sub1/dir1",
    ],
    Array [
      "-p",
      "current/sub1/dir1",
    ],
    Array [
      "-p",
      "current/sub1/dir1/dir2",
    ],
    Array [
      "-p",
      "current/sub1/dir1/dir2",
    ],
    Array [
      "-p",
      "current/sub1",
    ],
    Array [
      "-p",
      "current/sub1/.hidden",
    ],
  ],
  "results": Array [
    Object {
      "type": "return",
      "value": undefined,
    },
    Object {
      "type": "return",
      "value": undefined,
    },
    Object {
      "type": "return",
      "value": undefined,
    },
    Object {
      "type": "return",
      "value": undefined,
    },
    Object {
      "type": "return",
      "value": undefined,
    },
    Object {
      "type": "return",
      "value": undefined,
    },
    Object {
      "type": "return",
      "value": undefined,
    },
  ],
}
`;

exports[`Scaffolder Should scaffold out project 2`] = `
[MockFunction shell.ShellString] {
  "calls": Array [
    Array [
      "Contents for home/user/.scf/template1/dir1/file1",
    ],
    Array [
      "Contents for home/user/.scf/template1/dir1/file2",
    ],
    Array [
      "Contents for home/user/.scf/template1/dir1/dir2/file3",
    ],
    Array [
      "Contents for home/user/.scf/template1/file4",
    ],
  ],
  "results": Array [
    Object {
      "type": "return",
      "value": Object {
        "to": [MockFunction shell.ShellString.to] {
          "calls": Array [
            Array [
              "current/sub1/dir1/file1",
            ],
          ],
          "results": Array [
            Object {
              "type": "return",
              "value": Object {
                "contents": "Contents for home/user/.scf/template1/dir1/file1",
                "destination": "current/sub1/dir1/file1",
              },
            },
          ],
        },
      },
    },
    Object {
      "type": "return",
      "value": Object {
        "to": [MockFunction shell.ShellString.to] {
          "calls": Array [
            Array [
              "current/sub1/dir1/file2",
            ],
          ],
          "results": Array [
            Object {
              "type": "return",
              "value": Object {
                "contents": "Contents for home/user/.scf/template1/dir1/file2",
                "destination": "current/sub1/dir1/file2",
              },
            },
          ],
        },
      },
    },
    Object {
      "type": "return",
      "value": Object {
        "to": [MockFunction shell.ShellString.to] {
          "calls": Array [
            Array [
              "current/sub1/dir1/dir2/file3",
            ],
          ],
          "results": Array [
            Object {
              "type": "return",
              "value": Object {
                "contents": "Contents for home/user/.scf/template1/dir1/dir2/file3",
                "destination": "current/sub1/dir1/dir2/file3",
              },
            },
          ],
        },
      },
    },
    Object {
      "type": "return",
      "value": Object {
        "to": [MockFunction shell.ShellString.to] {
          "calls": Array [
            Array [
              "current/sub1/file4",
            ],
          ],
          "results": Array [
            Object {
              "type": "return",
              "value": Object {
                "contents": "Contents for home/user/.scf/template1/file4",
                "destination": "current/sub1/file4",
              },
            },
          ],
        },
      },
    },
  ],
}
`;
